
> starter_helpi@0.1.0 test
> react-scripts test --coverage

  console.error
    Error: Not implemented: HTMLCanvasElement.prototype.getContext (without installing the canvas npm package)
        at module.exports (/home/runner/work/starter_helpi/starter_helpi/node_modules/jsdom/lib/jsdom/browser/not-implemented.js:9:17)
        at HTMLCanvasElementImpl.getContext (/home/runner/work/starter_helpi/starter_helpi/node_modules/jsdom/lib/jsdom/living/nodes/HTMLCanvasElement-impl.js:42:5)
        at HTMLCanvasElement.getContext (/home/runner/work/starter_helpi/starter_helpi/node_modules/jsdom/lib/jsdom/living/generated/HTMLCanvasElement.js:131:58)
        at /home/runner/work/starter_helpi/starter_helpi/node_modules/src/libs/lottie.js:1182:24
        at /home/runner/work/starter_helpi/starter_helpi/node_modules/src/libs/lottie.js:1186:1
        at /home/runner/work/starter_helpi/starter_helpi/node_modules/src/libs/lottie.js:1397:1
        at Object.<anonymous> (/home/runner/work/starter_helpi/starter_helpi/node_modules/src/libs/lottie.js:15875:1)
        at Runtime._execModule (/home/runner/work/starter_helpi/starter_helpi/node_modules/jest-runtime/build/index.js:1646:24)
        at Runtime._loadModule (/home/runner/work/starter_helpi/starter_helpi/node_modules/jest-runtime/build/index.js:1185:12)
        at Runtime.requireModule (/home/runner/work/starter_helpi/starter_helpi/node_modules/jest-runtime/build/index.js:1009:12)
        at Runtime.requireModuleOrMock (/home/runner/work/starter_helpi/starter_helpi/node_modules/jest-runtime/build/index.js:1210:21)
        at Module.Object.<anonymous> (/home/runner/work/starter_helpi/starter_helpi/node_modules/three-stdlib/loaders/LottieLoader.cjs:4:16)
        at Runtime._execModule (/home/runner/work/starter_helpi/starter_helpi/node_modules/jest-runtime/build/index.js:1646:24)
        at Runtime._loadModule (/home/runner/work/starter_helpi/starter_helpi/node_modules/jest-runtime/build/index.js:1185:12)
        at Runtime.requireModule (/home/runner/work/starter_helpi/starter_helpi/node_modules/jest-runtime/build/index.js:1009:12)
        at Runtime.requireModuleOrMock (/home/runner/work/starter_helpi/starter_helpi/node_modules/jest-runtime/build/index.js:1210:21)
        at Module.Object.<anonymous> (/home/runner/work/starter_helpi/starter_helpi/node_modules/three-stdlib/index.cjs:207:22)
        at Runtime._execModule (/home/runner/work/starter_helpi/starter_helpi/node_modules/jest-runtime/build/index.js:1646:24)
        at Runtime._loadModule (/home/runner/work/starter_helpi/starter_helpi/node_modules/jest-runtime/build/index.js:1185:12)
        at Runtime.requireModule (/home/runner/work/starter_helpi/starter_helpi/node_modules/jest-runtime/build/index.js:1009:12)
        at Runtime.requireModuleOrMock (/home/runner/work/starter_helpi/starter_helpi/node_modules/jest-runtime/build/index.js:1210:21)
        at Object.<anonymous> (/home/runner/work/starter_helpi/starter_helpi/node_modules/@react-three/drei/index.cjs.js:1:438)
        at Runtime._execModule (/home/runner/work/starter_helpi/starter_helpi/node_modules/jest-runtime/build/index.js:1646:24)
        at Runtime._loadModule (/home/runner/work/starter_helpi/starter_helpi/node_modules/jest-runtime/build/index.js:1185:12)
        at Runtime.requireModule (/home/runner/work/starter_helpi/starter_helpi/node_modules/jest-runtime/build/index.js:1009:12)
        at Runtime.require [as requireModuleOrMock] (/home/runner/work/starter_helpi/starter_helpi/node_modules/jest-runtime/build/index.js:1210:21)
        at Object.<anonymous> (/home/runner/work/starter_helpi/starter_helpi/src/Components/HeroSection.tsx:1:1)
        at Runtime._execModule (/home/runner/work/starter_helpi/starter_helpi/node_modules/jest-runtime/build/index.js:1646:24)
        at Runtime._loadModule (/home/runner/work/starter_helpi/starter_helpi/node_modules/jest-runtime/build/index.js:1185:12)
        at Runtime.requireModule (/home/runner/work/starter_helpi/starter_helpi/node_modules/jest-runtime/build/index.js:1009:12)
        at Runtime.require [as requireModuleOrMock] (/home/runner/work/starter_helpi/starter_helpi/node_modules/jest-runtime/build/index.js:1210:21)
        at Object.<anonymous> (/home/runner/work/starter_helpi/starter_helpi/src/Components/HomePage.tsx:3:1)
        at Runtime._execModule (/home/runner/work/starter_helpi/starter_helpi/node_modules/jest-runtime/build/index.js:1646:24)
        at Runtime._loadModule (/home/runner/work/starter_helpi/starter_helpi/node_modules/jest-runtime/build/index.js:1185:12)
        at Runtime.requireModule (/home/runner/work/starter_helpi/starter_helpi/node_modules/jest-runtime/build/index.js:1009:12)
        at Runtime.require [as requireModuleOrMock] (/home/runner/work/starter_helpi/starter_helpi/node_modules/jest-runtime/build/index.js:1210:21)
        at Object.<anonymous> (/home/runner/work/starter_helpi/starter_helpi/src/App.tsx:3:1)
        at Runtime._execModule (/home/runner/work/starter_helpi/starter_helpi/node_modules/jest-runtime/build/index.js:1646:24)
        at Runtime._loadModule (/home/runner/work/starter_helpi/starter_helpi/node_modules/jest-runtime/build/index.js:1185:12)
        at Runtime.requireModule (/home/runner/work/starter_helpi/starter_helpi/node_modules/jest-runtime/build/index.js:1009:12)
        at Runtime.require [as requireModuleOrMock] (/home/runner/work/starter_helpi/starter_helpi/node_modules/jest-runtime/build/index.js:1210:21)
        at Object.<anonymous> (/home/runner/work/starter_helpi/starter_helpi/src/App.test.tsx:3:1)
        at Runtime._execModule (/home/runner/work/starter_helpi/starter_helpi/node_modules/jest-runtime/build/index.js:1646:24)
        at Runtime._loadModule (/home/runner/work/starter_helpi/starter_helpi/node_modules/jest-runtime/build/index.js:1185:12)
        at Runtime.requireModule (/home/runner/work/starter_helpi/starter_helpi/node_modules/jest-runtime/build/index.js:1009:12)
        at jestAdapter (/home/runner/work/starter_helpi/starter_helpi/node_modules/jest-circus/build/legacy-code-todo-rewrite/jestAdapter.js:79:13)
        at processTicksAndRejections (node:internal/process/task_queues:95:5)
        at runTestInternal (/home/runner/work/starter_helpi/starter_helpi/node_modules/jest-runner/build/runTest.js:389:16)
        at runTest (/home/runner/work/starter_helpi/starter_helpi/node_modules/jest-runner/build/runTest.js:475:34)
        at TestRunner.runTests (/home/runner/work/starter_helpi/starter_helpi/node_modules/jest-runner/build/index.js:101:12) undefined

    [0m[31m[1m>[22m[39m[90m 1 |[39m [36mimport[39m { [33mStars[39m } [36mfrom[39m [32m"@react-three/drei"[39m[33m;[39m
     [90m   |[39m [31m[1m^[22m[39m
     [90m 2 |[39m [36mimport[39m { [33mCanvas[39m } [36mfrom[39m [32m"@react-three/fiber"[39m[33m;[39m
     [90m 3 |[39m [36mimport[39m [33mReact[39m[33m,[39m { useEffect } [36mfrom[39m [32m"react"[39m[33m;[39m
     [90m 4 |[39m [36mimport[39m { [33mFiArrowRight[39m } [36mfrom[39m [32m"react-icons/fi"[39m[33m;[39m[0m

      at console.Object.<anonymous>.console.error (node_modules/its-fine/src/index.tsx:86:16)
      at VirtualConsole.<anonymous> (node_modules/jsdom/lib/jsdom/virtual-console.js:29:45)
      at module.exports (node_modules/jsdom/lib/jsdom/browser/not-implemented.js:12:26)
      at HTMLCanvasElementImpl.getContext (node_modules/jsdom/lib/jsdom/living/nodes/HTMLCanvasElement-impl.js:42:5)
      at HTMLCanvasElement.getContext (node_modules/jsdom/lib/jsdom/living/generated/HTMLCanvasElement.js:131:58)
      at node_modules/src/libs/lottie.js:1182:24
      at node_modules/src/libs/lottie.js:1186:1
      at node_modules/src/libs/lottie.js:1397:1
      at Object.<anonymous> (node_modules/src/libs/lottie.js:15875:1)
      at Module.Object.<anonymous> (node_modules/three-stdlib/loaders/LottieLoader.cjs:4:16)
      at Module.Object.<anonymous> (node_modules/three-stdlib/index.cjs:207:22)
      at Object.<anonymous> (node_modules/@react-three/drei/index.cjs.js:1:438)
      at Object.<anonymous> (src/Components/HeroSection.tsx:1:1)
      at Object.<anonymous> (src/Components/HomePage.tsx:3:1)
      at Object.<anonymous> (src/App.tsx:3:1)
      at Object.<anonymous> (src/App.test.tsx:3:1)

FAIL src/App.test.tsx
  ● Test suite failed to run

    TypeError: Cannot set properties of null (setting 'fillStyle')

    [0m[31m[1m>[22m[39m[90m 1 |[39m [36mimport[39m { [33mStars[39m } [36mfrom[39m [32m"@react-three/drei"[39m[33m;[39m
     [90m   |[39m [31m[1m^[22m[39m
     [90m 2 |[39m [36mimport[39m { [33mCanvas[39m } [36mfrom[39m [32m"@react-three/fiber"[39m[33m;[39m
     [90m 3 |[39m [36mimport[39m [33mReact[39m[33m,[39m { useEffect } [36mfrom[39m [32m"react"[39m[33m;[39m
     [90m 4 |[39m [36mimport[39m { [33mFiArrowRight[39m } [36mfrom[39m [32m"react-icons/fi"[39m[33m;[39m[0m

      at node_modules/src/libs/lottie.js:1183:11
      at node_modules/src/libs/lottie.js:1186:1
      at node_modules/src/libs/lottie.js:1397:1
      at Object.<anonymous> (node_modules/src/libs/lottie.js:15875:1)
      at Module.Object.<anonymous> (node_modules/three-stdlib/loaders/LottieLoader.cjs:4:16)
      at Module.Object.<anonymous> (node_modules/three-stdlib/index.cjs:207:22)
      at Object.<anonymous> (node_modules/@react-three/drei/index.cjs.js:1:438)
      at Object.<anonymous> (src/Components/HeroSection.tsx:1:1)
      at Object.<anonymous> (src/Components/HomePage.tsx:3:1)
      at Object.<anonymous> (src/App.tsx:3:1)
      at Object.<anonymous> (src/App.test.tsx:3:1)
      at TestScheduler.scheduleTests (node_modules/@jest/core/build/TestScheduler.js:333:13)
      at runJest (node_modules/@jest/core/build/runJest.js:404:19)
      at _run10000 (node_modules/@jest/core/build/cli/index.js:320:7)
      at runCLI (node_modules/@jest/core/build/cli/index.js:173:3)

---------------------------|---------|----------|---------|---------|-------------------
File                       | % Stmts | % Branch | % Funcs | % Lines | Uncovered Line #s 
---------------------------|---------|----------|---------|---------|-------------------
All files                  |       0 |        0 |       0 |       0 |                   
 src                       |       0 |        0 |       0 |       0 |                   
  App.tsx                  |       0 |      100 |       0 |       0 | 12-13             
  index.tsx                |       0 |      100 |     100 |       0 | 7-17              
  reportWebVitals.ts       |       0 |        0 |       0 |       0 | 3-10              
 src/Components            |       0 |        0 |       0 |       0 |                   
  API.ts                   |       0 |        0 |       0 |       0 | 4-34              
  BarLoader.tsx            |       0 |      100 |       0 |       0 | 3-21              
  BeamInput.tsx            |       0 |      100 |       0 |       0 | 11-37             
  FeedbackModal.tsx        |       0 |        0 |       0 |       0 | 13-51             
  FloatingBottomNav.tsx    |       0 |        0 |       0 |       0 | 17-62             
  GradientShadowButton.tsx |       0 |      100 |       0 |       0 | 9-10              
  Header.tsx               |       0 |      100 |       0 |       0 | 4-43              
  HeroSection.tsx          |       0 |      100 |       0 |       0 | 11-29             
  HomePage.tsx             |       0 |      100 |       0 |       0 | 8-33              
  QuizHeader.tsx           |       0 |      100 |       0 |       0 | 1-2               
  ResultsModal.tsx         |       0 |        0 |       0 |       0 | 12-40             
  SpringModal.tsx          |       0 |        0 |       0 |       0 | 13-59             
  StaggeredDropDown.tsx    |       0 |        0 |       0 |       0 | 22-138            
  SteppedProgress.tsx      |       0 |        0 |       0 |       0 | 10-37             
 src/Pages                 |       0 |        0 |       0 |       0 |                   
  AboutUs.tsx              |       0 |        0 |       0 |       0 | 26-155            
  BasicQuestion.tsx        |       0 |        0 |       0 |       0 | 23-146            
  DetailedQuestion.tsx     |       0 |        0 |       0 |       0 | 22-129            
  Results.tsx              |       0 |        0 |       0 |       0 | 38-221            
---------------------------|---------|----------|---------|---------|-------------------
Test Suites: 1 failed, 1 total
Tests:       0 total
Snapshots:   0 total
Time:        3.445 s
Ran all test suites.
